// Jest Snapshot v1, https://goo.gl/fbAQLP

exports[`Player Matches snapshot 1`] = `
<div
  className="player"
/>
`;
